
There are no discarded input sections

Memory Configuration

Name             Origin             Length             Attributes
*default*        0x0000000000000000 0xffffffffffffffff

Linker script and memory map

LOAD /home/mm8/code/os/mm8/MM8-EmNet/build/stage2/asm/entry.obj
LOAD /home/mm8/code/os/mm8/MM8-EmNet/build/stage2/asm/x86.obj
LOAD /home/mm8/code/os/mm8/MM8-EmNet/build/stage2/c/ctype.obj
LOAD /home/mm8/code/os/mm8/MM8-EmNet/build/stage2/c/disk.obj
LOAD /home/mm8/code/os/mm8/MM8-EmNet/build/stage2/c/fat.obj
LOAD /home/mm8/code/os/mm8/MM8-EmNet/build/stage2/c/graphics.obj
LOAD /home/mm8/code/os/mm8/MM8-EmNet/build/stage2/c/main.obj
LOAD /home/mm8/code/os/mm8/MM8-EmNet/build/stage2/c/memory.obj
LOAD /home/mm8/code/os/mm8/MM8-EmNet/build/stage2/c/stdio.obj
LOAD /home/mm8/code/os/mm8/MM8-EmNet/build/stage2/c/string.obj
LOAD /home/mm8/code/os/mm8/MM8-EmNet/build/stage2/c/utility.obj
LOAD /home/mm8/code/os/mm8/MM8-EmNet/toolchain/x86_64-elf/lib/gcc/x86_64-elf/13.3.0/libgcc.a
                0x0000000000000500                phys = 0x500
                0x0000000000000500                . = phys

.entry          0x0000000000000500      0x2bc
                0x0000000000000500                __entry_start = .
 *(.entry)
 .entry         0x0000000000000500      0x2bc /home/mm8/code/os/mm8/MM8-EmNet/build/stage2/asm/entry.obj
                0x0000000000000500                entry

.text           0x00000000000007c0     0x1de8
                0x00000000000007c0                __text_start = .
 *(.text)
 .text          0x00000000000007c0      0x1a5 /home/mm8/code/os/mm8/MM8-EmNet/build/stage2/asm/x86.obj
                0x00000000000007c0                x86_outb
                0x00000000000007cb                x86_inb
                0x00000000000007d4                x86_Disk_GetDriveParams
                0x0000000000000897                x86_Disk_Reset
                0x00000000000008e7                x86_Disk_Read
 .text          0x0000000000000965       0x52 /home/mm8/code/os/mm8/MM8-EmNet/build/stage2/c/ctype.obj
                0x0000000000000965                islower
                0x000000000000098c                toupper
 .text          0x00000000000009b7      0x1bc /home/mm8/code/os/mm8/MM8-EmNet/build/stage2/c/disk.obj
                0x00000000000009b7                DISK_Initialize
                0x0000000000000a26                DISK_LBA2CHS
                0x0000000000000ad3                DISK_ReadSectors
 .text          0x0000000000000b73      0xbbd /home/mm8/code/os/mm8/MM8-EmNet/build/stage2/c/fat.obj
                0x0000000000000b73                FAT_ReadBootSector
                0x0000000000000ba4                FAT_ReadFat
                0x0000000000000be1                FAT_Initialize
                0x0000000000000e4c                FAT_ClusterToLba
                0x0000000000000e78                FAT_OpenEntry
                0x0000000000001075                FAT_NextCluster
                0x00000000000010cb                FAT_Read
                0x000000000000135c                FAT_ReadEntry
                0x0000000000001394                FAT_Close
                0x000000000000140d                FAT_FindFile
                0x000000000000159a                FAT_Open
 .text          0x0000000000001730       0x8f /home/mm8/code/os/mm8/MM8-EmNet/build/stage2/c/graphics.obj
                0x0000000000001730                draw_pixel
 .text          0x00000000000017bf        0x0 /home/mm8/code/os/mm8/MM8-EmNet/build/stage2/c/main.obj
 .text          0x00000000000017bf      0x11e /home/mm8/code/os/mm8/MM8-EmNet/build/stage2/c/memory.obj
                0x00000000000017bf                memcpy
                0x0000000000001816                memset
                0x000000000000185a                memcmp
 .text          0x00000000000018dd      0xbad /home/mm8/code/os/mm8/MM8-EmNet/build/stage2/c/stdio.obj
                0x00000000000018dd                putchr
                0x0000000000001917                putcolor
                0x0000000000001954                getchr
                0x0000000000001985                getcolor
                0x00000000000019b9                setcursor
                0x0000000000001a22                clrscr
                0x0000000000001ab3                scrollback
                0x0000000000001bb0                putc
                0x0000000000001cbc                puts
                0x0000000000001cef                printf_unsigned
                0x0000000000001d79                printf_signed
                0x0000000000001dc6                printf
                0x00000000000023ee                print_buffer
 .text          0x000000000000248a       0xdf /home/mm8/code/os/mm8/MM8-EmNet/build/stage2/c/string.obj
                0x000000000000248a                strchr
                0x00000000000024d2                strcpy
                0x000000000000253b                strlen
 .text          0x0000000000002569       0x3f /home/mm8/code/os/mm8/MM8-EmNet/build/stage2/c/utility.obj
                0x0000000000002569                align

.data           0x00000000000025a8       0x18
                0x00000000000025a8                __data_start = .
 *(.data)
 .data          0x00000000000025a8        0xb /home/mm8/code/os/mm8/MM8-EmNet/build/stage2/asm/entry.obj
                0x00000000000025a8                vbe_screen
 .data          0x00000000000025b3        0x0 /home/mm8/code/os/mm8/MM8-EmNet/build/stage2/c/ctype.obj
 .data          0x00000000000025b3        0x0 /home/mm8/code/os/mm8/MM8-EmNet/build/stage2/c/disk.obj
 .data          0x00000000000025b3        0x0 /home/mm8/code/os/mm8/MM8-EmNet/build/stage2/c/fat.obj
 .data          0x00000000000025b3        0x0 /home/mm8/code/os/mm8/MM8-EmNet/build/stage2/c/graphics.obj
 .data          0x00000000000025b3        0x0 /home/mm8/code/os/mm8/MM8-EmNet/build/stage2/c/main.obj
 .data          0x00000000000025b3        0x0 /home/mm8/code/os/mm8/MM8-EmNet/build/stage2/c/memory.obj
 *fill*         0x00000000000025b3        0x5 
 .data          0x00000000000025b8        0x8 /home/mm8/code/os/mm8/MM8-EmNet/build/stage2/c/stdio.obj
                0x00000000000025b8                g_ScreenBuffer
 .data          0x00000000000025c0        0x0 /home/mm8/code/os/mm8/MM8-EmNet/build/stage2/c/string.obj
 .data          0x00000000000025c0        0x0 /home/mm8/code/os/mm8/MM8-EmNet/build/stage2/c/utility.obj

.rodata         0x00000000000025c0      0x27a
                0x00000000000025c0                __rodata_start = .
 *(.rodata)
 .rodata        0x00000000000025c0      0x11b /home/mm8/code/os/mm8/MM8-EmNet/build/stage2/c/fat.obj
 *fill*         0x00000000000026db        0x5 
 .rodata        0x00000000000026e0      0x15a /home/mm8/code/os/mm8/MM8-EmNet/build/stage2/c/stdio.obj
                0x00000000000026e0                SCREEN_WIDTH
                0x00000000000026e4                SCREEN_HEIGHT
                0x00000000000026e8                DEFAULT_COLOR
                0x00000000000026f0                g_HexChars

.eh_frame       0x0000000000002840      0x570
 .eh_frame      0x0000000000002840       0x58 /home/mm8/code/os/mm8/MM8-EmNet/build/stage2/c/ctype.obj
 .eh_frame      0x0000000000002898       0x78 /home/mm8/code/os/mm8/MM8-EmNet/build/stage2/c/disk.obj
 .eh_frame      0x0000000000002910      0x188 /home/mm8/code/os/mm8/MM8-EmNet/build/stage2/c/fat.obj
 .eh_frame      0x0000000000002a98       0x38 /home/mm8/code/os/mm8/MM8-EmNet/build/stage2/c/graphics.obj
 .eh_frame      0x0000000000002ad0       0x78 /home/mm8/code/os/mm8/MM8-EmNet/build/stage2/c/memory.obj
 .eh_frame      0x0000000000002b48      0x1b8 /home/mm8/code/os/mm8/MM8-EmNet/build/stage2/c/stdio.obj
 .eh_frame      0x0000000000002d00       0x78 /home/mm8/code/os/mm8/MM8-EmNet/build/stage2/c/string.obj
 .eh_frame      0x0000000000002d78       0x38 /home/mm8/code/os/mm8/MM8-EmNet/build/stage2/c/utility.obj

.bss            0x0000000000002db0      0x31c
                0x0000000000002db0                __bss_start = .
 *(.bss)
 .bss           0x0000000000002db0      0x300 /home/mm8/code/os/mm8/MM8-EmNet/build/stage2/asm/entry.obj
 .bss           0x00000000000030b0        0x0 /home/mm8/code/os/mm8/MM8-EmNet/build/stage2/c/ctype.obj
 .bss           0x00000000000030b0        0x0 /home/mm8/code/os/mm8/MM8-EmNet/build/stage2/c/disk.obj
 .bss           0x00000000000030b0       0x14 /home/mm8/code/os/mm8/MM8-EmNet/build/stage2/c/fat.obj
 .bss           0x00000000000030c4        0x0 /home/mm8/code/os/mm8/MM8-EmNet/build/stage2/c/graphics.obj
 .bss           0x00000000000030c4        0x0 /home/mm8/code/os/mm8/MM8-EmNet/build/stage2/c/main.obj
 .bss           0x00000000000030c4        0x0 /home/mm8/code/os/mm8/MM8-EmNet/build/stage2/c/memory.obj
 .bss           0x00000000000030c4        0x8 /home/mm8/code/os/mm8/MM8-EmNet/build/stage2/c/stdio.obj
                0x00000000000030c4                g_ScreenX
                0x00000000000030c8                g_ScreenY
 .bss           0x00000000000030cc        0x0 /home/mm8/code/os/mm8/MM8-EmNet/build/stage2/c/string.obj
 .bss           0x00000000000030cc        0x0 /home/mm8/code/os/mm8/MM8-EmNet/build/stage2/c/utility.obj
                0x00000000000030cc                __end = .
OUTPUT(/home/mm8/code/os/mm8/MM8-EmNet/build/stage2.bin binary)

.debug_info     0x0000000000000000     0x19ea
 .debug_info    0x0000000000000000       0xd6 /home/mm8/code/os/mm8/MM8-EmNet/build/stage2/c/ctype.obj
 .debug_info    0x00000000000000d6      0x2d0 /home/mm8/code/os/mm8/MM8-EmNet/build/stage2/c/disk.obj
 .debug_info    0x00000000000003a6      0xa66 /home/mm8/code/os/mm8/MM8-EmNet/build/stage2/c/fat.obj
 .debug_info    0x0000000000000e0c      0x14c /home/mm8/code/os/mm8/MM8-EmNet/build/stage2/c/graphics.obj
 .debug_info    0x0000000000000f58      0x214 /home/mm8/code/os/mm8/MM8-EmNet/build/stage2/c/memory.obj
 .debug_info    0x000000000000116c      0x671 /home/mm8/code/os/mm8/MM8-EmNet/build/stage2/c/stdio.obj
 .debug_info    0x00000000000017dd      0x152 /home/mm8/code/os/mm8/MM8-EmNet/build/stage2/c/string.obj
 .debug_info    0x000000000000192f       0xbb /home/mm8/code/os/mm8/MM8-EmNet/build/stage2/c/utility.obj

.debug_abbrev   0x0000000000000000      0x907
 .debug_abbrev  0x0000000000000000       0x84 /home/mm8/code/os/mm8/MM8-EmNet/build/stage2/c/ctype.obj
 .debug_abbrev  0x0000000000000084      0x140 /home/mm8/code/os/mm8/MM8-EmNet/build/stage2/c/disk.obj
 .debug_abbrev  0x00000000000001c4      0x24d /home/mm8/code/os/mm8/MM8-EmNet/build/stage2/c/fat.obj
 .debug_abbrev  0x0000000000000411       0xd9 /home/mm8/code/os/mm8/MM8-EmNet/build/stage2/c/graphics.obj
 .debug_abbrev  0x00000000000004ea       0xe2 /home/mm8/code/os/mm8/MM8-EmNet/build/stage2/c/memory.obj
 .debug_abbrev  0x00000000000005cc      0x21b /home/mm8/code/os/mm8/MM8-EmNet/build/stage2/c/stdio.obj
 .debug_abbrev  0x00000000000007e7       0xa8 /home/mm8/code/os/mm8/MM8-EmNet/build/stage2/c/string.obj
 .debug_abbrev  0x000000000000088f       0x78 /home/mm8/code/os/mm8/MM8-EmNet/build/stage2/c/utility.obj

.debug_aranges  0x0000000000000000      0x180
 .debug_aranges
                0x0000000000000000       0x30 /home/mm8/code/os/mm8/MM8-EmNet/build/stage2/c/ctype.obj
 .debug_aranges
                0x0000000000000030       0x30 /home/mm8/code/os/mm8/MM8-EmNet/build/stage2/c/disk.obj
 .debug_aranges
                0x0000000000000060       0x30 /home/mm8/code/os/mm8/MM8-EmNet/build/stage2/c/fat.obj
 .debug_aranges
                0x0000000000000090       0x30 /home/mm8/code/os/mm8/MM8-EmNet/build/stage2/c/graphics.obj
 .debug_aranges
                0x00000000000000c0       0x30 /home/mm8/code/os/mm8/MM8-EmNet/build/stage2/c/memory.obj
 .debug_aranges
                0x00000000000000f0       0x30 /home/mm8/code/os/mm8/MM8-EmNet/build/stage2/c/stdio.obj
 .debug_aranges
                0x0000000000000120       0x30 /home/mm8/code/os/mm8/MM8-EmNet/build/stage2/c/string.obj
 .debug_aranges
                0x0000000000000150       0x30 /home/mm8/code/os/mm8/MM8-EmNet/build/stage2/c/utility.obj

.debug_line     0x0000000000000000      0xcc1
 .debug_line    0x0000000000000000       0x85 /home/mm8/code/os/mm8/MM8-EmNet/build/stage2/c/ctype.obj
 .debug_line    0x0000000000000085       0xe8 /home/mm8/code/os/mm8/MM8-EmNet/build/stage2/c/disk.obj
 .debug_line    0x000000000000016d      0x4f7 /home/mm8/code/os/mm8/MM8-EmNet/build/stage2/c/fat.obj
 .debug_line    0x0000000000000664       0xa4 /home/mm8/code/os/mm8/MM8-EmNet/build/stage2/c/graphics.obj
 .debug_line    0x0000000000000708        0x0 /home/mm8/code/os/mm8/MM8-EmNet/build/stage2/c/main.obj
 .debug_line    0x0000000000000708       0xd5 /home/mm8/code/os/mm8/MM8-EmNet/build/stage2/c/memory.obj
 .debug_line    0x00000000000007dd      0x3d5 /home/mm8/code/os/mm8/MM8-EmNet/build/stage2/c/stdio.obj
 .debug_line    0x0000000000000bb2       0x9c /home/mm8/code/os/mm8/MM8-EmNet/build/stage2/c/string.obj
 .debug_line    0x0000000000000c4e       0x73 /home/mm8/code/os/mm8/MM8-EmNet/build/stage2/c/utility.obj

.debug_str      0x0000000000000000     0x10f5
 .debug_str     0x0000000000000000      0x100 /home/mm8/code/os/mm8/MM8-EmNet/build/stage2/c/ctype.obj
 .debug_str     0x0000000000000100      0x1db /home/mm8/code/os/mm8/MM8-EmNet/build/stage2/c/disk.obj
 .debug_str     0x00000000000002db      0x619 /home/mm8/code/os/mm8/MM8-EmNet/build/stage2/c/fat.obj
 .debug_str     0x00000000000008f4      0x169 /home/mm8/code/os/mm8/MM8-EmNet/build/stage2/c/graphics.obj
 .debug_str     0x0000000000000a5d       0x7d /home/mm8/code/os/mm8/MM8-EmNet/build/stage2/c/main.obj
 .debug_str     0x0000000000000ada      0x13c /home/mm8/code/os/mm8/MM8-EmNet/build/stage2/c/memory.obj
 .debug_str     0x0000000000000c16      0x2b8 /home/mm8/code/os/mm8/MM8-EmNet/build/stage2/c/stdio.obj
 .debug_str     0x0000000000000ece      0x123 /home/mm8/code/os/mm8/MM8-EmNet/build/stage2/c/string.obj
 .debug_str     0x0000000000000ff1      0x104 /home/mm8/code/os/mm8/MM8-EmNet/build/stage2/c/utility.obj

.debug_line_str
                0x0000000000000000      0x57a
 .debug_line_str
                0x0000000000000000       0x8e /home/mm8/code/os/mm8/MM8-EmNet/build/stage2/c/ctype.obj
 .debug_line_str
                0x000000000000008e       0xa1 /home/mm8/code/os/mm8/MM8-EmNet/build/stage2/c/disk.obj
 .debug_line_str
                0x000000000000012f       0xc0 /home/mm8/code/os/mm8/MM8-EmNet/build/stage2/c/fat.obj
 .debug_line_str
                0x00000000000001ef       0x9c /home/mm8/code/os/mm8/MM8-EmNet/build/stage2/c/graphics.obj
 .debug_line_str
                0x000000000000028b       0x3d /home/mm8/code/os/mm8/MM8-EmNet/build/stage2/c/main.obj
 .debug_line_str
                0x00000000000002c8       0x90 /home/mm8/code/os/mm8/MM8-EmNet/build/stage2/c/memory.obj
 .debug_line_str
                0x0000000000000358      0x108 /home/mm8/code/os/mm8/MM8-EmNet/build/stage2/c/stdio.obj
 .debug_line_str
                0x0000000000000460       0x87 /home/mm8/code/os/mm8/MM8-EmNet/build/stage2/c/string.obj
 .debug_line_str
                0x00000000000004e7       0x93 /home/mm8/code/os/mm8/MM8-EmNet/build/stage2/c/utility.obj

.comment        0x0000000000000000       0xab
 .comment       0x0000000000000000       0x13 /home/mm8/code/os/mm8/MM8-EmNet/build/stage2/c/ctype.obj
 .comment       0x0000000000000013       0x13 /home/mm8/code/os/mm8/MM8-EmNet/build/stage2/c/disk.obj
 .comment       0x0000000000000026       0x13 /home/mm8/code/os/mm8/MM8-EmNet/build/stage2/c/fat.obj
 .comment       0x0000000000000039       0x13 /home/mm8/code/os/mm8/MM8-EmNet/build/stage2/c/graphics.obj
 .comment       0x000000000000004c       0x13 /home/mm8/code/os/mm8/MM8-EmNet/build/stage2/c/main.obj
 .comment       0x000000000000005f       0x13 /home/mm8/code/os/mm8/MM8-EmNet/build/stage2/c/memory.obj
 .comment       0x0000000000000072       0x13 /home/mm8/code/os/mm8/MM8-EmNet/build/stage2/c/stdio.obj
 .comment       0x0000000000000085       0x13 /home/mm8/code/os/mm8/MM8-EmNet/build/stage2/c/string.obj
 .comment       0x0000000000000098       0x13 /home/mm8/code/os/mm8/MM8-EmNet/build/stage2/c/utility.obj
