
There are no discarded input sections

Memory Configuration

Name             Origin             Length             Attributes
*default*        0x0000000000000000 0xffffffffffffffff

Linker script and memory map

LOAD /home/mm8/code/os/mm8/MM8-EmNet/build/stage2/asm/entry.obj
LOAD /home/mm8/code/os/mm8/MM8-EmNet/build/stage2/asm/x86.obj
LOAD /home/mm8/code/os/mm8/MM8-EmNet/build/stage2/c/ctype.obj
LOAD /home/mm8/code/os/mm8/MM8-EmNet/build/stage2/c/disk.obj
LOAD /home/mm8/code/os/mm8/MM8-EmNet/build/stage2/c/fat.obj
LOAD /home/mm8/code/os/mm8/MM8-EmNet/build/stage2/c/graphics.obj
LOAD /home/mm8/code/os/mm8/MM8-EmNet/build/stage2/c/main.obj
LOAD /home/mm8/code/os/mm8/MM8-EmNet/build/stage2/c/memory.obj
LOAD /home/mm8/code/os/mm8/MM8-EmNet/build/stage2/c/stdio.obj
LOAD /home/mm8/code/os/mm8/MM8-EmNet/build/stage2/c/string.obj
LOAD /home/mm8/code/os/mm8/MM8-EmNet/build/stage2/c/utility.obj
LOAD /home/mm8/code/os/mm8/MM8-EmNet/toolchain/x86_64-elf/lib/gcc/x86_64-elf/13.3.0/libgcc.a
                0x0000000000008000                phys = 0x8000
                0x0000000000008000                . = phys

.entry          0x0000000000008000      0x35f
                0x0000000000008000                __entry_start = .
 *(.entry)
 .entry         0x0000000000008000      0x35f /home/mm8/code/os/mm8/MM8-EmNet/build/stage2/asm/entry.obj
                0x0000000000008000                entry

.text           0x0000000000008360     0x1e0c
                0x0000000000008360                __text_start = .
 *(.text)
 .text          0x0000000000008360      0x1a5 /home/mm8/code/os/mm8/MM8-EmNet/build/stage2/asm/x86.obj
                0x0000000000008360                x86_outb
                0x000000000000836b                x86_inb
                0x0000000000008374                x86_Disk_GetDriveParams
                0x0000000000008437                x86_Disk_Reset
                0x0000000000008487                x86_Disk_Read
 .text          0x0000000000008505       0x52 /home/mm8/code/os/mm8/MM8-EmNet/build/stage2/c/ctype.obj
                0x0000000000008505                islower
                0x000000000000852c                toupper
 .text          0x0000000000008557      0x1bc /home/mm8/code/os/mm8/MM8-EmNet/build/stage2/c/disk.obj
                0x0000000000008557                DISK_Initialize
                0x00000000000085c6                DISK_LBA2CHS
                0x0000000000008673                DISK_ReadSectors
 .text          0x0000000000008713      0xbbd /home/mm8/code/os/mm8/MM8-EmNet/build/stage2/c/fat.obj
                0x0000000000008713                FAT_ReadBootSector
                0x0000000000008744                FAT_ReadFat
                0x0000000000008781                FAT_Initialize
                0x00000000000089ec                FAT_ClusterToLba
                0x0000000000008a18                FAT_OpenEntry
                0x0000000000008c15                FAT_NextCluster
                0x0000000000008c6b                FAT_Read
                0x0000000000008efc                FAT_ReadEntry
                0x0000000000008f34                FAT_Close
                0x0000000000008fad                FAT_FindFile
                0x000000000000913a                FAT_Open
 .text          0x00000000000092d0       0x8f /home/mm8/code/os/mm8/MM8-EmNet/build/stage2/c/graphics.obj
                0x00000000000092d0                draw_pixel
 .text          0x000000000000935f       0x24 /home/mm8/code/os/mm8/MM8-EmNet/build/stage2/c/main.obj
                0x000000000000935f                bootloadMain
 .text          0x0000000000009383      0x11e /home/mm8/code/os/mm8/MM8-EmNet/build/stage2/c/memory.obj
                0x0000000000009383                memcpy
                0x00000000000093da                memset
                0x000000000000941e                memcmp
 .text          0x00000000000094a1      0xbad /home/mm8/code/os/mm8/MM8-EmNet/build/stage2/c/stdio.obj
                0x00000000000094a1                putchr
                0x00000000000094db                putcolor
                0x0000000000009518                getchr
                0x0000000000009549                getcolor
                0x000000000000957d                setcursor
                0x00000000000095e6                clrscr
                0x0000000000009677                scrollback
                0x0000000000009774                putc
                0x0000000000009880                puts
                0x00000000000098b3                printf_unsigned
                0x000000000000993d                printf_signed
                0x000000000000998a                printf
                0x0000000000009fb2                print_buffer
 .text          0x000000000000a04e       0xdf /home/mm8/code/os/mm8/MM8-EmNet/build/stage2/c/string.obj
                0x000000000000a04e                strchr
                0x000000000000a096                strcpy
                0x000000000000a0ff                strlen
 .text          0x000000000000a12d       0x3f /home/mm8/code/os/mm8/MM8-EmNet/build/stage2/c/utility.obj
                0x000000000000a12d                align

.data           0x000000000000a170       0x18
                0x000000000000a170                __data_start = .
 *(.data)
 .data          0x000000000000a170        0xb /home/mm8/code/os/mm8/MM8-EmNet/build/stage2/asm/entry.obj
                0x000000000000a170                vbe_screen
 .data          0x000000000000a17b        0x0 /home/mm8/code/os/mm8/MM8-EmNet/build/stage2/c/ctype.obj
 .data          0x000000000000a17b        0x0 /home/mm8/code/os/mm8/MM8-EmNet/build/stage2/c/disk.obj
 .data          0x000000000000a17b        0x0 /home/mm8/code/os/mm8/MM8-EmNet/build/stage2/c/fat.obj
 .data          0x000000000000a17b        0x0 /home/mm8/code/os/mm8/MM8-EmNet/build/stage2/c/graphics.obj
 .data          0x000000000000a17b        0x0 /home/mm8/code/os/mm8/MM8-EmNet/build/stage2/c/main.obj
 .data          0x000000000000a17b        0x0 /home/mm8/code/os/mm8/MM8-EmNet/build/stage2/c/memory.obj
 *fill*         0x000000000000a17b        0x5 
 .data          0x000000000000a180        0x8 /home/mm8/code/os/mm8/MM8-EmNet/build/stage2/c/stdio.obj
                0x000000000000a180                g_ScreenBuffer
 .data          0x000000000000a188        0x0 /home/mm8/code/os/mm8/MM8-EmNet/build/stage2/c/string.obj
 .data          0x000000000000a188        0x0 /home/mm8/code/os/mm8/MM8-EmNet/build/stage2/c/utility.obj

.rodata         0x000000000000a190      0x27a
                0x000000000000a190                __rodata_start = .
 *(.rodata)
 .rodata        0x000000000000a190      0x11b /home/mm8/code/os/mm8/MM8-EmNet/build/stage2/c/fat.obj
 *fill*         0x000000000000a2ab        0x5 
 .rodata        0x000000000000a2b0      0x15a /home/mm8/code/os/mm8/MM8-EmNet/build/stage2/c/stdio.obj
                0x000000000000a2b0                SCREEN_WIDTH
                0x000000000000a2b4                SCREEN_HEIGHT
                0x000000000000a2b8                DEFAULT_COLOR
                0x000000000000a2c0                g_HexChars

.eh_frame       0x000000000000a410      0x5a8
 .eh_frame      0x000000000000a410       0x58 /home/mm8/code/os/mm8/MM8-EmNet/build/stage2/c/ctype.obj
 .eh_frame      0x000000000000a468       0x78 /home/mm8/code/os/mm8/MM8-EmNet/build/stage2/c/disk.obj
 .eh_frame      0x000000000000a4e0      0x188 /home/mm8/code/os/mm8/MM8-EmNet/build/stage2/c/fat.obj
 .eh_frame      0x000000000000a668       0x38 /home/mm8/code/os/mm8/MM8-EmNet/build/stage2/c/graphics.obj
 .eh_frame      0x000000000000a6a0       0x38 /home/mm8/code/os/mm8/MM8-EmNet/build/stage2/c/main.obj
 .eh_frame      0x000000000000a6d8       0x78 /home/mm8/code/os/mm8/MM8-EmNet/build/stage2/c/memory.obj
 .eh_frame      0x000000000000a750      0x1b8 /home/mm8/code/os/mm8/MM8-EmNet/build/stage2/c/stdio.obj
 .eh_frame      0x000000000000a908       0x78 /home/mm8/code/os/mm8/MM8-EmNet/build/stage2/c/string.obj
 .eh_frame      0x000000000000a980       0x38 /home/mm8/code/os/mm8/MM8-EmNet/build/stage2/c/utility.obj

.bss            0x000000000000a9c0     0x431c
                0x000000000000a9c0                __bss_start = .
 *(.bss)
 .bss           0x000000000000a9c0     0x4300 /home/mm8/code/os/mm8/MM8-EmNet/build/stage2/asm/entry.obj
 .bss           0x000000000000ecc0        0x0 /home/mm8/code/os/mm8/MM8-EmNet/build/stage2/c/ctype.obj
 .bss           0x000000000000ecc0        0x0 /home/mm8/code/os/mm8/MM8-EmNet/build/stage2/c/disk.obj
 .bss           0x000000000000ecc0       0x14 /home/mm8/code/os/mm8/MM8-EmNet/build/stage2/c/fat.obj
 .bss           0x000000000000ecd4        0x0 /home/mm8/code/os/mm8/MM8-EmNet/build/stage2/c/graphics.obj
 .bss           0x000000000000ecd4        0x0 /home/mm8/code/os/mm8/MM8-EmNet/build/stage2/c/main.obj
 .bss           0x000000000000ecd4        0x0 /home/mm8/code/os/mm8/MM8-EmNet/build/stage2/c/memory.obj
 .bss           0x000000000000ecd4        0x8 /home/mm8/code/os/mm8/MM8-EmNet/build/stage2/c/stdio.obj
                0x000000000000ecd4                g_ScreenX
                0x000000000000ecd8                g_ScreenY
 .bss           0x000000000000ecdc        0x0 /home/mm8/code/os/mm8/MM8-EmNet/build/stage2/c/string.obj
 .bss           0x000000000000ecdc        0x0 /home/mm8/code/os/mm8/MM8-EmNet/build/stage2/c/utility.obj
                0x000000000000ecdc                __end = .
OUTPUT(/home/mm8/code/os/mm8/MM8-EmNet/build/stage2.bin binary)

.debug_info     0x0000000000000000     0x1aaf
 .debug_info    0x0000000000000000       0xd6 /home/mm8/code/os/mm8/MM8-EmNet/build/stage2/c/ctype.obj
 .debug_info    0x00000000000000d6      0x2d0 /home/mm8/code/os/mm8/MM8-EmNet/build/stage2/c/disk.obj
 .debug_info    0x00000000000003a6      0xa66 /home/mm8/code/os/mm8/MM8-EmNet/build/stage2/c/fat.obj
 .debug_info    0x0000000000000e0c      0x158 /home/mm8/code/os/mm8/MM8-EmNet/build/stage2/c/graphics.obj
 .debug_info    0x0000000000000f64       0xb9 /home/mm8/code/os/mm8/MM8-EmNet/build/stage2/c/main.obj
 .debug_info    0x000000000000101d      0x214 /home/mm8/code/os/mm8/MM8-EmNet/build/stage2/c/memory.obj
 .debug_info    0x0000000000001231      0x671 /home/mm8/code/os/mm8/MM8-EmNet/build/stage2/c/stdio.obj
 .debug_info    0x00000000000018a2      0x152 /home/mm8/code/os/mm8/MM8-EmNet/build/stage2/c/string.obj
 .debug_info    0x00000000000019f4       0xbb /home/mm8/code/os/mm8/MM8-EmNet/build/stage2/c/utility.obj

.debug_abbrev   0x0000000000000000      0x986
 .debug_abbrev  0x0000000000000000       0x84 /home/mm8/code/os/mm8/MM8-EmNet/build/stage2/c/ctype.obj
 .debug_abbrev  0x0000000000000084      0x140 /home/mm8/code/os/mm8/MM8-EmNet/build/stage2/c/disk.obj
 .debug_abbrev  0x00000000000001c4      0x24d /home/mm8/code/os/mm8/MM8-EmNet/build/stage2/c/fat.obj
 .debug_abbrev  0x0000000000000411       0xd9 /home/mm8/code/os/mm8/MM8-EmNet/build/stage2/c/graphics.obj
 .debug_abbrev  0x00000000000004ea       0x7f /home/mm8/code/os/mm8/MM8-EmNet/build/stage2/c/main.obj
 .debug_abbrev  0x0000000000000569       0xe2 /home/mm8/code/os/mm8/MM8-EmNet/build/stage2/c/memory.obj
 .debug_abbrev  0x000000000000064b      0x21b /home/mm8/code/os/mm8/MM8-EmNet/build/stage2/c/stdio.obj
 .debug_abbrev  0x0000000000000866       0xa8 /home/mm8/code/os/mm8/MM8-EmNet/build/stage2/c/string.obj
 .debug_abbrev  0x000000000000090e       0x78 /home/mm8/code/os/mm8/MM8-EmNet/build/stage2/c/utility.obj

.debug_aranges  0x0000000000000000      0x1b0
 .debug_aranges
                0x0000000000000000       0x30 /home/mm8/code/os/mm8/MM8-EmNet/build/stage2/c/ctype.obj
 .debug_aranges
                0x0000000000000030       0x30 /home/mm8/code/os/mm8/MM8-EmNet/build/stage2/c/disk.obj
 .debug_aranges
                0x0000000000000060       0x30 /home/mm8/code/os/mm8/MM8-EmNet/build/stage2/c/fat.obj
 .debug_aranges
                0x0000000000000090       0x30 /home/mm8/code/os/mm8/MM8-EmNet/build/stage2/c/graphics.obj
 .debug_aranges
                0x00000000000000c0       0x30 /home/mm8/code/os/mm8/MM8-EmNet/build/stage2/c/main.obj
 .debug_aranges
                0x00000000000000f0       0x30 /home/mm8/code/os/mm8/MM8-EmNet/build/stage2/c/memory.obj
 .debug_aranges
                0x0000000000000120       0x30 /home/mm8/code/os/mm8/MM8-EmNet/build/stage2/c/stdio.obj
 .debug_aranges
                0x0000000000000150       0x30 /home/mm8/code/os/mm8/MM8-EmNet/build/stage2/c/string.obj
 .debug_aranges
                0x0000000000000180       0x30 /home/mm8/code/os/mm8/MM8-EmNet/build/stage2/c/utility.obj

.debug_line     0x0000000000000000      0xd24
 .debug_line    0x0000000000000000       0x85 /home/mm8/code/os/mm8/MM8-EmNet/build/stage2/c/ctype.obj
 .debug_line    0x0000000000000085       0xe8 /home/mm8/code/os/mm8/MM8-EmNet/build/stage2/c/disk.obj
 .debug_line    0x000000000000016d      0x4f7 /home/mm8/code/os/mm8/MM8-EmNet/build/stage2/c/fat.obj
 .debug_line    0x0000000000000664       0xa7 /home/mm8/code/os/mm8/MM8-EmNet/build/stage2/c/graphics.obj
 .debug_line    0x000000000000070b       0x60 /home/mm8/code/os/mm8/MM8-EmNet/build/stage2/c/main.obj
 .debug_line    0x000000000000076b       0xd5 /home/mm8/code/os/mm8/MM8-EmNet/build/stage2/c/memory.obj
 .debug_line    0x0000000000000840      0x3d5 /home/mm8/code/os/mm8/MM8-EmNet/build/stage2/c/stdio.obj
 .debug_line    0x0000000000000c15       0x9c /home/mm8/code/os/mm8/MM8-EmNet/build/stage2/c/string.obj
 .debug_line    0x0000000000000cb1       0x73 /home/mm8/code/os/mm8/MM8-EmNet/build/stage2/c/utility.obj

.debug_str      0x0000000000000000     0x1193
 .debug_str     0x0000000000000000      0x100 /home/mm8/code/os/mm8/MM8-EmNet/build/stage2/c/ctype.obj
 .debug_str     0x0000000000000100      0x1db /home/mm8/code/os/mm8/MM8-EmNet/build/stage2/c/disk.obj
 .debug_str     0x00000000000002db      0x619 /home/mm8/code/os/mm8/MM8-EmNet/build/stage2/c/fat.obj
 .debug_str     0x00000000000008f4      0x173 /home/mm8/code/os/mm8/MM8-EmNet/build/stage2/c/graphics.obj
 .debug_str     0x0000000000000a67      0x111 /home/mm8/code/os/mm8/MM8-EmNet/build/stage2/c/main.obj
 .debug_str     0x0000000000000b78      0x13c /home/mm8/code/os/mm8/MM8-EmNet/build/stage2/c/memory.obj
 .debug_str     0x0000000000000cb4      0x2b8 /home/mm8/code/os/mm8/MM8-EmNet/build/stage2/c/stdio.obj
 .debug_str     0x0000000000000f6c      0x123 /home/mm8/code/os/mm8/MM8-EmNet/build/stage2/c/string.obj
 .debug_str     0x000000000000108f      0x104 /home/mm8/code/os/mm8/MM8-EmNet/build/stage2/c/utility.obj

.debug_line_str
                0x0000000000000000      0x5d2
 .debug_line_str
                0x0000000000000000       0x8e /home/mm8/code/os/mm8/MM8-EmNet/build/stage2/c/ctype.obj
 .debug_line_str
                0x000000000000008e       0xa1 /home/mm8/code/os/mm8/MM8-EmNet/build/stage2/c/disk.obj
 .debug_line_str
                0x000000000000012f       0xc0 /home/mm8/code/os/mm8/MM8-EmNet/build/stage2/c/fat.obj
 .debug_line_str
                0x00000000000001ef       0x9c /home/mm8/code/os/mm8/MM8-EmNet/build/stage2/c/graphics.obj
 .debug_line_str
                0x000000000000028b       0x95 /home/mm8/code/os/mm8/MM8-EmNet/build/stage2/c/main.obj
 .debug_line_str
                0x0000000000000320       0x90 /home/mm8/code/os/mm8/MM8-EmNet/build/stage2/c/memory.obj
 .debug_line_str
                0x00000000000003b0      0x108 /home/mm8/code/os/mm8/MM8-EmNet/build/stage2/c/stdio.obj
 .debug_line_str
                0x00000000000004b8       0x87 /home/mm8/code/os/mm8/MM8-EmNet/build/stage2/c/string.obj
 .debug_line_str
                0x000000000000053f       0x93 /home/mm8/code/os/mm8/MM8-EmNet/build/stage2/c/utility.obj

.comment        0x0000000000000000       0xab
 .comment       0x0000000000000000       0x13 /home/mm8/code/os/mm8/MM8-EmNet/build/stage2/c/ctype.obj
 .comment       0x0000000000000013       0x13 /home/mm8/code/os/mm8/MM8-EmNet/build/stage2/c/disk.obj
 .comment       0x0000000000000026       0x13 /home/mm8/code/os/mm8/MM8-EmNet/build/stage2/c/fat.obj
 .comment       0x0000000000000039       0x13 /home/mm8/code/os/mm8/MM8-EmNet/build/stage2/c/graphics.obj
 .comment       0x000000000000004c       0x13 /home/mm8/code/os/mm8/MM8-EmNet/build/stage2/c/main.obj
 .comment       0x000000000000005f       0x13 /home/mm8/code/os/mm8/MM8-EmNet/build/stage2/c/memory.obj
 .comment       0x0000000000000072       0x13 /home/mm8/code/os/mm8/MM8-EmNet/build/stage2/c/stdio.obj
 .comment       0x0000000000000085       0x13 /home/mm8/code/os/mm8/MM8-EmNet/build/stage2/c/string.obj
 .comment       0x0000000000000098       0x13 /home/mm8/code/os/mm8/MM8-EmNet/build/stage2/c/utility.obj
