Archive member included to satisfy reference by file (symbol)

/home/mm8/code/os/mm8/MM8-EmNet/toolchain/i686-elf/lib/gcc/i686-elf/13.3.0/libgcc.a(_udivdi3.o)
                              /home/mm8/code/os/mm8/MM8-EmNet/build/stage2/c/stdio.obj (__udivdi3)
/home/mm8/code/os/mm8/MM8-EmNet/toolchain/i686-elf/lib/gcc/i686-elf/13.3.0/libgcc.a(_umoddi3.o)
                              /home/mm8/code/os/mm8/MM8-EmNet/build/stage2/c/stdio.obj (__umoddi3)

There are no discarded input sections

Memory Configuration

Name             Origin             Length             Attributes
*default*        0x00000000         0xffffffff

Linker script and memory map

LOAD /home/mm8/code/os/mm8/MM8-EmNet/build/stage2/asm/entry.obj
LOAD /home/mm8/code/os/mm8/MM8-EmNet/build/stage2/asm/x86.obj
LOAD /home/mm8/code/os/mm8/MM8-EmNet/build/stage2/c/ctype.obj
LOAD /home/mm8/code/os/mm8/MM8-EmNet/build/stage2/c/disk.obj
LOAD /home/mm8/code/os/mm8/MM8-EmNet/build/stage2/c/fat.obj
LOAD /home/mm8/code/os/mm8/MM8-EmNet/build/stage2/c/graphics.obj
LOAD /home/mm8/code/os/mm8/MM8-EmNet/build/stage2/c/main.obj
LOAD /home/mm8/code/os/mm8/MM8-EmNet/build/stage2/c/memory.obj
LOAD /home/mm8/code/os/mm8/MM8-EmNet/build/stage2/c/stdio.obj
LOAD /home/mm8/code/os/mm8/MM8-EmNet/build/stage2/c/string.obj
LOAD /home/mm8/code/os/mm8/MM8-EmNet/build/stage2/c/utility.obj
LOAD /home/mm8/code/os/mm8/MM8-EmNet/toolchain/i686-elf/lib/gcc/i686-elf/13.3.0/libgcc.a
                0x00000500                        phys = 0x500
                0x00000500                        . = phys

.entry          0x00000500      0x23f
                0x00000500                        __entry_start = .
 *(.entry)
 .entry         0x00000500      0x23f /home/mm8/code/os/mm8/MM8-EmNet/build/stage2/asm/entry.obj
                0x00000500                entry

.text           0x00000740     0x1d56
                0x00000740                        __text_start = .
 *(.text)
 .text          0x00000740      0x1a5 /home/mm8/code/os/mm8/MM8-EmNet/build/stage2/asm/x86.obj
                0x00000740                x86_outb
                0x0000074b                x86_inb
                0x00000754                x86_Disk_GetDriveParams
                0x00000817                x86_Disk_Reset
                0x00000867                x86_Disk_Read
 .text          0x000008e5       0x52 /home/mm8/code/os/mm8/MM8-EmNet/build/stage2/c/ctype.obj
                0x000008e5                islower
                0x0000090b                toupper
 .text          0x00000937      0x191 /home/mm8/code/os/mm8/MM8-EmNet/build/stage2/c/disk.obj
                0x00000937                DISK_Initialize
                0x0000099f                DISK_LBA2CHS
                0x00000a2c                DISK_ReadSectors
 .text          0x00000ac8      0xa1a /home/mm8/code/os/mm8/MM8-EmNet/build/stage2/c/fat.obj
                0x00000ac8                FAT_ReadBootSector
                0x00000ae5                FAT_ReadFat
                0x00000b19                FAT_Initialize
                0x00000d44                FAT_ClusterToLba
                0x00000d65                FAT_OpenEntry
                0x00000f29                FAT_NextCluster
                0x00000f76                FAT_Read
                0x000011bc                FAT_ReadEntry
                0x000011dd                FAT_Close
                0x00001237                FAT_FindFile
                0x0000139c                FAT_Open
 .text          0x000014e2       0x7b /home/mm8/code/os/mm8/MM8-EmNet/build/stage2/c/graphics.obj
                0x000014e2                draw_pixel
 .text          0x0000155d      0x29b /home/mm8/code/os/mm8/MM8-EmNet/build/stage2/c/main.obj
                0x0000155d                start
 .text          0x000017f8       0xde /home/mm8/code/os/mm8/MM8-EmNet/build/stage2/c/memory.obj
                0x000017f8                memcpy
                0x00001839                memset
                0x0000186c                memcmp
 .text          0x000018d6      0x87a /home/mm8/code/os/mm8/MM8-EmNet/build/stage2/c/stdio.obj
                0x000018d6                putchr
                0x00001905                putcolor
                0x00001937                getchr
                0x00001959                getcolor
                0x0000197e                setcursor
                0x000019ef                clrscr
                0x00001a7d                scrollback
                0x00001b6b                putc
                0x00001c7b                puts
                0x00001caa                printf_unsigned
                0x00001d4e                printf_signed
                0x00001dab                printf
                0x000020c0                print_buffer
 .text          0x00002150       0xb6 /home/mm8/code/os/mm8/MM8-EmNet/build/stage2/c/string.obj
                0x00002150                strchr
                0x0000218e                strcpy
                0x000021e0                strlen
 .text          0x00002206       0x37 /home/mm8/code/os/mm8/MM8-EmNet/build/stage2/c/utility.obj
                0x00002206                align
 *fill*         0x0000223d        0x3 
 .text          0x00002240      0x11a /home/mm8/code/os/mm8/MM8-EmNet/toolchain/i686-elf/lib/gcc/i686-elf/13.3.0/libgcc.a(_udivdi3.o)
                0x00002240                __udivdi3
 *fill*         0x0000235a        0x6 
 .text          0x00002360      0x136 /home/mm8/code/os/mm8/MM8-EmNet/toolchain/i686-elf/lib/gcc/i686-elf/13.3.0/libgcc.a(_umoddi3.o)
                0x00002360                __umoddi3

.data           0x00002498       0x18
                0x00002498                        __data_start = .
 *(.data)
 .data          0x00002498        0xb /home/mm8/code/os/mm8/MM8-EmNet/build/stage2/asm/entry.obj
                0x00002498                vbe_screen
 .data          0x000024a3        0x0 /home/mm8/code/os/mm8/MM8-EmNet/build/stage2/c/ctype.obj
 .data          0x000024a3        0x0 /home/mm8/code/os/mm8/MM8-EmNet/build/stage2/c/disk.obj
 .data          0x000024a3        0x0 /home/mm8/code/os/mm8/MM8-EmNet/build/stage2/c/fat.obj
 .data          0x000024a3        0x0 /home/mm8/code/os/mm8/MM8-EmNet/build/stage2/c/graphics.obj
 *fill*         0x000024a3        0x1 
 .data          0x000024a4        0x8 /home/mm8/code/os/mm8/MM8-EmNet/build/stage2/c/main.obj
                0x000024a4                KernelLoadBuffer
                0x000024a8                Kernel
 .data          0x000024ac        0x0 /home/mm8/code/os/mm8/MM8-EmNet/build/stage2/c/memory.obj
 .data          0x000024ac        0x4 /home/mm8/code/os/mm8/MM8-EmNet/build/stage2/c/stdio.obj
                0x000024ac                g_ScreenBuffer
 .data          0x000024b0        0x0 /home/mm8/code/os/mm8/MM8-EmNet/build/stage2/c/string.obj
 .data          0x000024b0        0x0 /home/mm8/code/os/mm8/MM8-EmNet/build/stage2/c/utility.obj
 .data          0x000024b0        0x0 /home/mm8/code/os/mm8/MM8-EmNet/toolchain/i686-elf/lib/gcc/i686-elf/13.3.0/libgcc.a(_udivdi3.o)
 .data          0x000024b0        0x0 /home/mm8/code/os/mm8/MM8-EmNet/toolchain/i686-elf/lib/gcc/i686-elf/13.3.0/libgcc.a(_umoddi3.o)

.rodata         0x000024b0      0x282
                0x000024b0                        __rodata_start = .
 *(.rodata)
 .rodata        0x000024b0      0x11b /home/mm8/code/os/mm8/MM8-EmNet/build/stage2/c/fat.obj
 .rodata        0x000025cb       0xaa /home/mm8/code/os/mm8/MM8-EmNet/build/stage2/c/main.obj
 *fill*         0x00002675        0x3 
 .rodata        0x00002678       0xba /home/mm8/code/os/mm8/MM8-EmNet/build/stage2/c/stdio.obj
                0x00002678                SCREEN_WIDTH
                0x0000267c                SCREEN_HEIGHT
                0x00002680                DEFAULT_COLOR
                0x00002684                g_HexChars

.eh_frame       0x00002734       0xd8
 .eh_frame      0x00002734       0x64 /home/mm8/code/os/mm8/MM8-EmNet/toolchain/i686-elf/lib/gcc/i686-elf/13.3.0/libgcc.a(_udivdi3.o)
 .eh_frame      0x00002798       0x74 /home/mm8/code/os/mm8/MM8-EmNet/toolchain/i686-elf/lib/gcc/i686-elf/13.3.0/libgcc.a(_umoddi3.o)

.bss            0x0000280c      0x314
                0x0000280c                        __bss_start = .
 *(.bss)
 .bss           0x0000280c      0x300 /home/mm8/code/os/mm8/MM8-EmNet/build/stage2/asm/entry.obj
 .bss           0x00002b0c        0x0 /home/mm8/code/os/mm8/MM8-EmNet/build/stage2/c/ctype.obj
 .bss           0x00002b0c        0x0 /home/mm8/code/os/mm8/MM8-EmNet/build/stage2/c/disk.obj
 .bss           0x00002b0c        0xc /home/mm8/code/os/mm8/MM8-EmNet/build/stage2/c/fat.obj
 .bss           0x00002b18        0x0 /home/mm8/code/os/mm8/MM8-EmNet/build/stage2/c/graphics.obj
 .bss           0x00002b18        0x0 /home/mm8/code/os/mm8/MM8-EmNet/build/stage2/c/main.obj
 .bss           0x00002b18        0x0 /home/mm8/code/os/mm8/MM8-EmNet/build/stage2/c/memory.obj
 .bss           0x00002b18        0x8 /home/mm8/code/os/mm8/MM8-EmNet/build/stage2/c/stdio.obj
                0x00002b18                g_ScreenX
                0x00002b1c                g_ScreenY
 .bss           0x00002b20        0x0 /home/mm8/code/os/mm8/MM8-EmNet/build/stage2/c/string.obj
 .bss           0x00002b20        0x0 /home/mm8/code/os/mm8/MM8-EmNet/build/stage2/c/utility.obj
 .bss           0x00002b20        0x0 /home/mm8/code/os/mm8/MM8-EmNet/toolchain/i686-elf/lib/gcc/i686-elf/13.3.0/libgcc.a(_udivdi3.o)
 .bss           0x00002b20        0x0 /home/mm8/code/os/mm8/MM8-EmNet/toolchain/i686-elf/lib/gcc/i686-elf/13.3.0/libgcc.a(_umoddi3.o)
                0x00002b20                        __end = .
OUTPUT(/home/mm8/code/os/mm8/MM8-EmNet/build/stage2.bin binary)

.debug_info     0x00000000     0x2101
 .debug_info    0x00000000       0xbe /home/mm8/code/os/mm8/MM8-EmNet/build/stage2/c/ctype.obj
 .debug_info    0x000000be      0x2af /home/mm8/code/os/mm8/MM8-EmNet/build/stage2/c/disk.obj
 .debug_info    0x0000036d      0x9ae /home/mm8/code/os/mm8/MM8-EmNet/build/stage2/c/fat.obj
 .debug_info    0x00000d1b      0x13c /home/mm8/code/os/mm8/MM8-EmNet/build/stage2/c/graphics.obj
 .debug_info    0x00000e57      0x341 /home/mm8/code/os/mm8/MM8-EmNet/build/stage2/c/main.obj
 .debug_info    0x00001198      0x1da /home/mm8/code/os/mm8/MM8-EmNet/build/stage2/c/memory.obj
 .debug_info    0x00001372      0x54a /home/mm8/code/os/mm8/MM8-EmNet/build/stage2/c/stdio.obj
 .debug_info    0x000018bc      0x12b /home/mm8/code/os/mm8/MM8-EmNet/build/stage2/c/string.obj
 .debug_info    0x000019e7       0xab /home/mm8/code/os/mm8/MM8-EmNet/build/stage2/c/utility.obj
 .debug_info    0x00001a92      0x32c /home/mm8/code/os/mm8/MM8-EmNet/toolchain/i686-elf/lib/gcc/i686-elf/13.3.0/libgcc.a(_udivdi3.o)
 .debug_info    0x00001dbe      0x343 /home/mm8/code/os/mm8/MM8-EmNet/toolchain/i686-elf/lib/gcc/i686-elf/13.3.0/libgcc.a(_umoddi3.o)

.debug_abbrev   0x00000000      0xcfc
 .debug_abbrev  0x00000000       0x84 /home/mm8/code/os/mm8/MM8-EmNet/build/stage2/c/ctype.obj
 .debug_abbrev  0x00000084      0x140 /home/mm8/code/os/mm8/MM8-EmNet/build/stage2/c/disk.obj
 .debug_abbrev  0x000001c4      0x24d /home/mm8/code/os/mm8/MM8-EmNet/build/stage2/c/fat.obj
 .debug_abbrev  0x00000411       0xd9 /home/mm8/code/os/mm8/MM8-EmNet/build/stage2/c/graphics.obj
 .debug_abbrev  0x000004ea      0x14e /home/mm8/code/os/mm8/MM8-EmNet/build/stage2/c/main.obj
 .debug_abbrev  0x00000638       0xe2 /home/mm8/code/os/mm8/MM8-EmNet/build/stage2/c/memory.obj
 .debug_abbrev  0x0000071a      0x1f6 /home/mm8/code/os/mm8/MM8-EmNet/build/stage2/c/stdio.obj
 .debug_abbrev  0x00000910       0xa8 /home/mm8/code/os/mm8/MM8-EmNet/build/stage2/c/string.obj
 .debug_abbrev  0x000009b8       0x78 /home/mm8/code/os/mm8/MM8-EmNet/build/stage2/c/utility.obj
 .debug_abbrev  0x00000a30      0x15b /home/mm8/code/os/mm8/MM8-EmNet/toolchain/i686-elf/lib/gcc/i686-elf/13.3.0/libgcc.a(_udivdi3.o)
 .debug_abbrev  0x00000b8b      0x171 /home/mm8/code/os/mm8/MM8-EmNet/toolchain/i686-elf/lib/gcc/i686-elf/13.3.0/libgcc.a(_umoddi3.o)

.debug_aranges  0x00000000      0x160
 .debug_aranges
                0x00000000       0x20 /home/mm8/code/os/mm8/MM8-EmNet/build/stage2/c/ctype.obj
 .debug_aranges
                0x00000020       0x20 /home/mm8/code/os/mm8/MM8-EmNet/build/stage2/c/disk.obj
 .debug_aranges
                0x00000040       0x20 /home/mm8/code/os/mm8/MM8-EmNet/build/stage2/c/fat.obj
 .debug_aranges
                0x00000060       0x20 /home/mm8/code/os/mm8/MM8-EmNet/build/stage2/c/graphics.obj
 .debug_aranges
                0x00000080       0x20 /home/mm8/code/os/mm8/MM8-EmNet/build/stage2/c/main.obj
 .debug_aranges
                0x000000a0       0x20 /home/mm8/code/os/mm8/MM8-EmNet/build/stage2/c/memory.obj
 .debug_aranges
                0x000000c0       0x20 /home/mm8/code/os/mm8/MM8-EmNet/build/stage2/c/stdio.obj
 .debug_aranges
                0x000000e0       0x20 /home/mm8/code/os/mm8/MM8-EmNet/build/stage2/c/string.obj
 .debug_aranges
                0x00000100       0x20 /home/mm8/code/os/mm8/MM8-EmNet/build/stage2/c/utility.obj
 .debug_aranges
                0x00000120       0x20 /home/mm8/code/os/mm8/MM8-EmNet/toolchain/i686-elf/lib/gcc/i686-elf/13.3.0/libgcc.a(_udivdi3.o)
 .debug_aranges
                0x00000140       0x20 /home/mm8/code/os/mm8/MM8-EmNet/toolchain/i686-elf/lib/gcc/i686-elf/13.3.0/libgcc.a(_umoddi3.o)

.debug_line     0x00000000     0x10a3
 .debug_line    0x00000000       0x81 /home/mm8/code/os/mm8/MM8-EmNet/build/stage2/c/ctype.obj
 .debug_line    0x00000081       0xe1 /home/mm8/code/os/mm8/MM8-EmNet/build/stage2/c/disk.obj
 .debug_line    0x00000162      0x4e4 /home/mm8/code/os/mm8/MM8-EmNet/build/stage2/c/fat.obj
 .debug_line    0x00000646       0x9f /home/mm8/code/os/mm8/MM8-EmNet/build/stage2/c/graphics.obj
 .debug_line    0x000006e5       0xf6 /home/mm8/code/os/mm8/MM8-EmNet/build/stage2/c/main.obj
 .debug_line    0x000007db       0xce /home/mm8/code/os/mm8/MM8-EmNet/build/stage2/c/memory.obj
 .debug_line    0x000008a9      0x3a3 /home/mm8/code/os/mm8/MM8-EmNet/build/stage2/c/stdio.obj
 .debug_line    0x00000c4c       0x97 /home/mm8/code/os/mm8/MM8-EmNet/build/stage2/c/string.obj
 .debug_line    0x00000ce3       0x6f /home/mm8/code/os/mm8/MM8-EmNet/build/stage2/c/utility.obj
 .debug_line    0x00000d52      0x180 /home/mm8/code/os/mm8/MM8-EmNet/toolchain/i686-elf/lib/gcc/i686-elf/13.3.0/libgcc.a(_udivdi3.o)
 .debug_line    0x00000ed2      0x1d1 /home/mm8/code/os/mm8/MM8-EmNet/toolchain/i686-elf/lib/gcc/i686-elf/13.3.0/libgcc.a(_umoddi3.o)

.debug_str      0x00000000     0x1471
 .debug_str     0x00000000       0xce /home/mm8/code/os/mm8/MM8-EmNet/build/stage2/c/ctype.obj
 .debug_str     0x000000ce      0x1ae /home/mm8/code/os/mm8/MM8-EmNet/build/stage2/c/disk.obj
 .debug_str     0x0000027c      0x5e7 /home/mm8/code/os/mm8/MM8-EmNet/build/stage2/c/fat.obj
 .debug_str     0x00000863      0x130 /home/mm8/code/os/mm8/MM8-EmNet/build/stage2/c/graphics.obj
 .debug_str     0x00000993      0x221 /home/mm8/code/os/mm8/MM8-EmNet/build/stage2/c/main.obj
 .debug_str     0x00000bb4      0x103 /home/mm8/code/os/mm8/MM8-EmNet/build/stage2/c/memory.obj
 .debug_str     0x00000cb7      0x244 /home/mm8/code/os/mm8/MM8-EmNet/build/stage2/c/stdio.obj
 .debug_str     0x00000efb       0xe5 /home/mm8/code/os/mm8/MM8-EmNet/build/stage2/c/string.obj
 .debug_str     0x00000fe0       0xcb /home/mm8/code/os/mm8/MM8-EmNet/build/stage2/c/utility.obj
 .debug_str     0x000010ab      0x1e3 /home/mm8/code/os/mm8/MM8-EmNet/toolchain/i686-elf/lib/gcc/i686-elf/13.3.0/libgcc.a(_udivdi3.o)
 .debug_str     0x0000128e      0x1e3 /home/mm8/code/os/mm8/MM8-EmNet/toolchain/i686-elf/lib/gcc/i686-elf/13.3.0/libgcc.a(_umoddi3.o)

.debug_line_str
                0x00000000      0x7d9
 .debug_line_str
                0x00000000       0x8e /home/mm8/code/os/mm8/MM8-EmNet/build/stage2/c/ctype.obj
 .debug_line_str
                0x0000008e       0xa1 /home/mm8/code/os/mm8/MM8-EmNet/build/stage2/c/disk.obj
 .debug_line_str
                0x0000012f       0xc0 /home/mm8/code/os/mm8/MM8-EmNet/build/stage2/c/fat.obj
 .debug_line_str
                0x000001ef       0x9c /home/mm8/code/os/mm8/MM8-EmNet/build/stage2/c/graphics.obj
 .debug_line_str
                0x0000028b       0xc3 /home/mm8/code/os/mm8/MM8-EmNet/build/stage2/c/main.obj
 .debug_line_str
                0x0000034e       0x90 /home/mm8/code/os/mm8/MM8-EmNet/build/stage2/c/memory.obj
 .debug_line_str
                0x000003de       0xf9 /home/mm8/code/os/mm8/MM8-EmNet/build/stage2/c/stdio.obj
 .debug_line_str
                0x000004d7       0x87 /home/mm8/code/os/mm8/MM8-EmNet/build/stage2/c/string.obj
 .debug_line_str
                0x0000055e       0x93 /home/mm8/code/os/mm8/MM8-EmNet/build/stage2/c/utility.obj
 .debug_line_str
                0x000005f1       0xf4 /home/mm8/code/os/mm8/MM8-EmNet/toolchain/i686-elf/lib/gcc/i686-elf/13.3.0/libgcc.a(_udivdi3.o)
 .debug_line_str
                0x000006e5       0xf4 /home/mm8/code/os/mm8/MM8-EmNet/toolchain/i686-elf/lib/gcc/i686-elf/13.3.0/libgcc.a(_umoddi3.o)

.comment        0x00000000       0xd1
 .comment       0x00000000       0x13 /home/mm8/code/os/mm8/MM8-EmNet/build/stage2/c/ctype.obj
 .comment       0x00000013       0x13 /home/mm8/code/os/mm8/MM8-EmNet/build/stage2/c/disk.obj
 .comment       0x00000026       0x13 /home/mm8/code/os/mm8/MM8-EmNet/build/stage2/c/fat.obj
 .comment       0x00000039       0x13 /home/mm8/code/os/mm8/MM8-EmNet/build/stage2/c/graphics.obj
 .comment       0x0000004c       0x13 /home/mm8/code/os/mm8/MM8-EmNet/build/stage2/c/main.obj
 .comment       0x0000005f       0x13 /home/mm8/code/os/mm8/MM8-EmNet/build/stage2/c/memory.obj
 .comment       0x00000072       0x13 /home/mm8/code/os/mm8/MM8-EmNet/build/stage2/c/stdio.obj
 .comment       0x00000085       0x13 /home/mm8/code/os/mm8/MM8-EmNet/build/stage2/c/string.obj
 .comment       0x00000098       0x13 /home/mm8/code/os/mm8/MM8-EmNet/build/stage2/c/utility.obj
 .comment       0x000000ab       0x13 /home/mm8/code/os/mm8/MM8-EmNet/toolchain/i686-elf/lib/gcc/i686-elf/13.3.0/libgcc.a(_udivdi3.o)
 .comment       0x000000be       0x13 /home/mm8/code/os/mm8/MM8-EmNet/toolchain/i686-elf/lib/gcc/i686-elf/13.3.0/libgcc.a(_umoddi3.o)

.debug_frame    0x00000000      0x58c
 .debug_frame   0x00000000       0x54 /home/mm8/code/os/mm8/MM8-EmNet/build/stage2/c/ctype.obj
 .debug_frame   0x00000054       0x80 /home/mm8/code/os/mm8/MM8-EmNet/build/stage2/c/disk.obj
 .debug_frame   0x000000d4      0x184 /home/mm8/code/os/mm8/MM8-EmNet/build/stage2/c/fat.obj
 .debug_frame   0x00000258       0x34 /home/mm8/code/os/mm8/MM8-EmNet/build/stage2/c/graphics.obj
 .debug_frame   0x0000028c       0x2c /home/mm8/code/os/mm8/MM8-EmNet/build/stage2/c/main.obj
 .debug_frame   0x000002b8       0x74 /home/mm8/code/os/mm8/MM8-EmNet/build/stage2/c/memory.obj
 .debug_frame   0x0000032c      0x1b8 /home/mm8/code/os/mm8/MM8-EmNet/build/stage2/c/stdio.obj
 .debug_frame   0x000004e4       0x74 /home/mm8/code/os/mm8/MM8-EmNet/build/stage2/c/string.obj
 .debug_frame   0x00000558       0x34 /home/mm8/code/os/mm8/MM8-EmNet/build/stage2/c/utility.obj

.debug_loclists
                0x00000000      0x978
 .debug_loclists
                0x00000000      0x50c /home/mm8/code/os/mm8/MM8-EmNet/toolchain/i686-elf/lib/gcc/i686-elf/13.3.0/libgcc.a(_udivdi3.o)
 .debug_loclists
                0x0000050c      0x46c /home/mm8/code/os/mm8/MM8-EmNet/toolchain/i686-elf/lib/gcc/i686-elf/13.3.0/libgcc.a(_umoddi3.o)

.debug_rnglists
                0x00000000       0x49
 .debug_rnglists
                0x00000000       0x2a /home/mm8/code/os/mm8/MM8-EmNet/toolchain/i686-elf/lib/gcc/i686-elf/13.3.0/libgcc.a(_udivdi3.o)
 .debug_rnglists
                0x0000002a       0x1f /home/mm8/code/os/mm8/MM8-EmNet/toolchain/i686-elf/lib/gcc/i686-elf/13.3.0/libgcc.a(_umoddi3.o)
