
There are no discarded input sections

Memory Configuration

Name             Origin             Length             Attributes
*default*        0x0000000000000000 0xffffffffffffffff

Linker script and memory map

LOAD /home/mm8/code/os/mm8/MM8-EmNet/build/stage2/asm/entry.obj
LOAD /home/mm8/code/os/mm8/MM8-EmNet/build/stage2/asm/x86.obj
LOAD /home/mm8/code/os/mm8/MM8-EmNet/build/stage2/c/ctype.obj
LOAD /home/mm8/code/os/mm8/MM8-EmNet/build/stage2/c/disk.obj
LOAD /home/mm8/code/os/mm8/MM8-EmNet/build/stage2/c/fat.obj
LOAD /home/mm8/code/os/mm8/MM8-EmNet/build/stage2/c/graphics.obj
LOAD /home/mm8/code/os/mm8/MM8-EmNet/build/stage2/c/main.obj
LOAD /home/mm8/code/os/mm8/MM8-EmNet/build/stage2/c/memory.obj
LOAD /home/mm8/code/os/mm8/MM8-EmNet/build/stage2/c/stdio.obj
LOAD /home/mm8/code/os/mm8/MM8-EmNet/build/stage2/c/string.obj
LOAD /home/mm8/code/os/mm8/MM8-EmNet/build/stage2/c/utility.obj
LOAD /home/mm8/code/os/mm8/MM8-EmNet/toolchain/x86_64-elf/lib/gcc/x86_64-elf/13.3.0/libgcc.a
                0x0000000000000500                phys = 0x500
                0x0000000000000500                . = phys

.entry          0x0000000000000500      0x34f
                0x0000000000000500                __entry_start = .
 *(.entry)
 .entry         0x0000000000000500      0x34f /home/mm8/code/os/mm8/MM8-EmNet/build/stage2/asm/entry.obj
                0x0000000000000500                entry

.text           0x0000000000000850     0x1de8
                0x0000000000000850                __text_start = .
 *(.text)
 .text          0x0000000000000850      0x1a5 /home/mm8/code/os/mm8/MM8-EmNet/build/stage2/asm/x86.obj
                0x0000000000000850                x86_outb
                0x000000000000085b                x86_inb
                0x0000000000000864                x86_Disk_GetDriveParams
                0x0000000000000927                x86_Disk_Reset
                0x0000000000000977                x86_Disk_Read
 .text          0x00000000000009f5       0x52 /home/mm8/code/os/mm8/MM8-EmNet/build/stage2/c/ctype.obj
                0x00000000000009f5                islower
                0x0000000000000a1c                toupper
 .text          0x0000000000000a47      0x1bc /home/mm8/code/os/mm8/MM8-EmNet/build/stage2/c/disk.obj
                0x0000000000000a47                DISK_Initialize
                0x0000000000000ab6                DISK_LBA2CHS
                0x0000000000000b63                DISK_ReadSectors
 .text          0x0000000000000c03      0xbbd /home/mm8/code/os/mm8/MM8-EmNet/build/stage2/c/fat.obj
                0x0000000000000c03                FAT_ReadBootSector
                0x0000000000000c34                FAT_ReadFat
                0x0000000000000c71                FAT_Initialize
                0x0000000000000edc                FAT_ClusterToLba
                0x0000000000000f08                FAT_OpenEntry
                0x0000000000001105                FAT_NextCluster
                0x000000000000115b                FAT_Read
                0x00000000000013ec                FAT_ReadEntry
                0x0000000000001424                FAT_Close
                0x000000000000149d                FAT_FindFile
                0x000000000000162a                FAT_Open
 .text          0x00000000000017c0       0x8f /home/mm8/code/os/mm8/MM8-EmNet/build/stage2/c/graphics.obj
                0x00000000000017c0                draw_pixel
 .text          0x000000000000184f        0x0 /home/mm8/code/os/mm8/MM8-EmNet/build/stage2/c/main.obj
 .text          0x000000000000184f      0x11e /home/mm8/code/os/mm8/MM8-EmNet/build/stage2/c/memory.obj
                0x000000000000184f                memcpy
                0x00000000000018a6                memset
                0x00000000000018ea                memcmp
 .text          0x000000000000196d      0xbad /home/mm8/code/os/mm8/MM8-EmNet/build/stage2/c/stdio.obj
                0x000000000000196d                putchr
                0x00000000000019a7                putcolor
                0x00000000000019e4                getchr
                0x0000000000001a15                getcolor
                0x0000000000001a49                setcursor
                0x0000000000001ab2                clrscr
                0x0000000000001b43                scrollback
                0x0000000000001c40                putc
                0x0000000000001d4c                puts
                0x0000000000001d7f                printf_unsigned
                0x0000000000001e09                printf_signed
                0x0000000000001e56                printf
                0x000000000000247e                print_buffer
 .text          0x000000000000251a       0xdf /home/mm8/code/os/mm8/MM8-EmNet/build/stage2/c/string.obj
                0x000000000000251a                strchr
                0x0000000000002562                strcpy
                0x00000000000025cb                strlen
 .text          0x00000000000025f9       0x3f /home/mm8/code/os/mm8/MM8-EmNet/build/stage2/c/utility.obj
                0x00000000000025f9                align

.data           0x0000000000002638       0x18
                0x0000000000002638                __data_start = .
 *(.data)
 .data          0x0000000000002638        0xb /home/mm8/code/os/mm8/MM8-EmNet/build/stage2/asm/entry.obj
                0x0000000000002638                vbe_screen
 .data          0x0000000000002643        0x0 /home/mm8/code/os/mm8/MM8-EmNet/build/stage2/c/ctype.obj
 .data          0x0000000000002643        0x0 /home/mm8/code/os/mm8/MM8-EmNet/build/stage2/c/disk.obj
 .data          0x0000000000002643        0x0 /home/mm8/code/os/mm8/MM8-EmNet/build/stage2/c/fat.obj
 .data          0x0000000000002643        0x0 /home/mm8/code/os/mm8/MM8-EmNet/build/stage2/c/graphics.obj
 .data          0x0000000000002643        0x0 /home/mm8/code/os/mm8/MM8-EmNet/build/stage2/c/main.obj
 .data          0x0000000000002643        0x0 /home/mm8/code/os/mm8/MM8-EmNet/build/stage2/c/memory.obj
 *fill*         0x0000000000002643        0x5 
 .data          0x0000000000002648        0x8 /home/mm8/code/os/mm8/MM8-EmNet/build/stage2/c/stdio.obj
                0x0000000000002648                g_ScreenBuffer
 .data          0x0000000000002650        0x0 /home/mm8/code/os/mm8/MM8-EmNet/build/stage2/c/string.obj
 .data          0x0000000000002650        0x0 /home/mm8/code/os/mm8/MM8-EmNet/build/stage2/c/utility.obj

.rodata         0x0000000000002650      0x27a
                0x0000000000002650                __rodata_start = .
 *(.rodata)
 .rodata        0x0000000000002650      0x11b /home/mm8/code/os/mm8/MM8-EmNet/build/stage2/c/fat.obj
 *fill*         0x000000000000276b        0x5 
 .rodata        0x0000000000002770      0x15a /home/mm8/code/os/mm8/MM8-EmNet/build/stage2/c/stdio.obj
                0x0000000000002770                SCREEN_WIDTH
                0x0000000000002774                SCREEN_HEIGHT
                0x0000000000002778                DEFAULT_COLOR
                0x0000000000002780                g_HexChars

.eh_frame       0x00000000000028d0      0x570
 .eh_frame      0x00000000000028d0       0x58 /home/mm8/code/os/mm8/MM8-EmNet/build/stage2/c/ctype.obj
 .eh_frame      0x0000000000002928       0x78 /home/mm8/code/os/mm8/MM8-EmNet/build/stage2/c/disk.obj
 .eh_frame      0x00000000000029a0      0x188 /home/mm8/code/os/mm8/MM8-EmNet/build/stage2/c/fat.obj
 .eh_frame      0x0000000000002b28       0x38 /home/mm8/code/os/mm8/MM8-EmNet/build/stage2/c/graphics.obj
 .eh_frame      0x0000000000002b60       0x78 /home/mm8/code/os/mm8/MM8-EmNet/build/stage2/c/memory.obj
 .eh_frame      0x0000000000002bd8      0x1b8 /home/mm8/code/os/mm8/MM8-EmNet/build/stage2/c/stdio.obj
 .eh_frame      0x0000000000002d90       0x78 /home/mm8/code/os/mm8/MM8-EmNet/build/stage2/c/string.obj
 .eh_frame      0x0000000000002e08       0x38 /home/mm8/code/os/mm8/MM8-EmNet/build/stage2/c/utility.obj

.bss            0x0000000000002e40      0x31c
                0x0000000000002e40                __bss_start = .
 *(.bss)
 .bss           0x0000000000002e40      0x300 /home/mm8/code/os/mm8/MM8-EmNet/build/stage2/asm/entry.obj
 .bss           0x0000000000003140        0x0 /home/mm8/code/os/mm8/MM8-EmNet/build/stage2/c/ctype.obj
 .bss           0x0000000000003140        0x0 /home/mm8/code/os/mm8/MM8-EmNet/build/stage2/c/disk.obj
 .bss           0x0000000000003140       0x14 /home/mm8/code/os/mm8/MM8-EmNet/build/stage2/c/fat.obj
 .bss           0x0000000000003154        0x0 /home/mm8/code/os/mm8/MM8-EmNet/build/stage2/c/graphics.obj
 .bss           0x0000000000003154        0x0 /home/mm8/code/os/mm8/MM8-EmNet/build/stage2/c/main.obj
 .bss           0x0000000000003154        0x0 /home/mm8/code/os/mm8/MM8-EmNet/build/stage2/c/memory.obj
 .bss           0x0000000000003154        0x8 /home/mm8/code/os/mm8/MM8-EmNet/build/stage2/c/stdio.obj
                0x0000000000003154                g_ScreenX
                0x0000000000003158                g_ScreenY
 .bss           0x000000000000315c        0x0 /home/mm8/code/os/mm8/MM8-EmNet/build/stage2/c/string.obj
 .bss           0x000000000000315c        0x0 /home/mm8/code/os/mm8/MM8-EmNet/build/stage2/c/utility.obj
                0x000000000000315c                __end = .
OUTPUT(/home/mm8/code/os/mm8/MM8-EmNet/build/stage2.bin binary)

.debug_info     0x0000000000000000     0x19ea
 .debug_info    0x0000000000000000       0xd6 /home/mm8/code/os/mm8/MM8-EmNet/build/stage2/c/ctype.obj
 .debug_info    0x00000000000000d6      0x2d0 /home/mm8/code/os/mm8/MM8-EmNet/build/stage2/c/disk.obj
 .debug_info    0x00000000000003a6      0xa66 /home/mm8/code/os/mm8/MM8-EmNet/build/stage2/c/fat.obj
 .debug_info    0x0000000000000e0c      0x14c /home/mm8/code/os/mm8/MM8-EmNet/build/stage2/c/graphics.obj
 .debug_info    0x0000000000000f58      0x214 /home/mm8/code/os/mm8/MM8-EmNet/build/stage2/c/memory.obj
 .debug_info    0x000000000000116c      0x671 /home/mm8/code/os/mm8/MM8-EmNet/build/stage2/c/stdio.obj
 .debug_info    0x00000000000017dd      0x152 /home/mm8/code/os/mm8/MM8-EmNet/build/stage2/c/string.obj
 .debug_info    0x000000000000192f       0xbb /home/mm8/code/os/mm8/MM8-EmNet/build/stage2/c/utility.obj

.debug_abbrev   0x0000000000000000      0x907
 .debug_abbrev  0x0000000000000000       0x84 /home/mm8/code/os/mm8/MM8-EmNet/build/stage2/c/ctype.obj
 .debug_abbrev  0x0000000000000084      0x140 /home/mm8/code/os/mm8/MM8-EmNet/build/stage2/c/disk.obj
 .debug_abbrev  0x00000000000001c4      0x24d /home/mm8/code/os/mm8/MM8-EmNet/build/stage2/c/fat.obj
 .debug_abbrev  0x0000000000000411       0xd9 /home/mm8/code/os/mm8/MM8-EmNet/build/stage2/c/graphics.obj
 .debug_abbrev  0x00000000000004ea       0xe2 /home/mm8/code/os/mm8/MM8-EmNet/build/stage2/c/memory.obj
 .debug_abbrev  0x00000000000005cc      0x21b /home/mm8/code/os/mm8/MM8-EmNet/build/stage2/c/stdio.obj
 .debug_abbrev  0x00000000000007e7       0xa8 /home/mm8/code/os/mm8/MM8-EmNet/build/stage2/c/string.obj
 .debug_abbrev  0x000000000000088f       0x78 /home/mm8/code/os/mm8/MM8-EmNet/build/stage2/c/utility.obj

.debug_aranges  0x0000000000000000      0x180
 .debug_aranges
                0x0000000000000000       0x30 /home/mm8/code/os/mm8/MM8-EmNet/build/stage2/c/ctype.obj
 .debug_aranges
                0x0000000000000030       0x30 /home/mm8/code/os/mm8/MM8-EmNet/build/stage2/c/disk.obj
 .debug_aranges
                0x0000000000000060       0x30 /home/mm8/code/os/mm8/MM8-EmNet/build/stage2/c/fat.obj
 .debug_aranges
                0x0000000000000090       0x30 /home/mm8/code/os/mm8/MM8-EmNet/build/stage2/c/graphics.obj
 .debug_aranges
                0x00000000000000c0       0x30 /home/mm8/code/os/mm8/MM8-EmNet/build/stage2/c/memory.obj
 .debug_aranges
                0x00000000000000f0       0x30 /home/mm8/code/os/mm8/MM8-EmNet/build/stage2/c/stdio.obj
 .debug_aranges
                0x0000000000000120       0x30 /home/mm8/code/os/mm8/MM8-EmNet/build/stage2/c/string.obj
 .debug_aranges
                0x0000000000000150       0x30 /home/mm8/code/os/mm8/MM8-EmNet/build/stage2/c/utility.obj

.debug_line     0x0000000000000000      0xcc1
 .debug_line    0x0000000000000000       0x85 /home/mm8/code/os/mm8/MM8-EmNet/build/stage2/c/ctype.obj
 .debug_line    0x0000000000000085       0xe8 /home/mm8/code/os/mm8/MM8-EmNet/build/stage2/c/disk.obj
 .debug_line    0x000000000000016d      0x4f7 /home/mm8/code/os/mm8/MM8-EmNet/build/stage2/c/fat.obj
 .debug_line    0x0000000000000664       0xa4 /home/mm8/code/os/mm8/MM8-EmNet/build/stage2/c/graphics.obj
 .debug_line    0x0000000000000708        0x0 /home/mm8/code/os/mm8/MM8-EmNet/build/stage2/c/main.obj
 .debug_line    0x0000000000000708       0xd5 /home/mm8/code/os/mm8/MM8-EmNet/build/stage2/c/memory.obj
 .debug_line    0x00000000000007dd      0x3d5 /home/mm8/code/os/mm8/MM8-EmNet/build/stage2/c/stdio.obj
 .debug_line    0x0000000000000bb2       0x9c /home/mm8/code/os/mm8/MM8-EmNet/build/stage2/c/string.obj
 .debug_line    0x0000000000000c4e       0x73 /home/mm8/code/os/mm8/MM8-EmNet/build/stage2/c/utility.obj

.debug_str      0x0000000000000000     0x10f5
 .debug_str     0x0000000000000000      0x100 /home/mm8/code/os/mm8/MM8-EmNet/build/stage2/c/ctype.obj
 .debug_str     0x0000000000000100      0x1db /home/mm8/code/os/mm8/MM8-EmNet/build/stage2/c/disk.obj
 .debug_str     0x00000000000002db      0x619 /home/mm8/code/os/mm8/MM8-EmNet/build/stage2/c/fat.obj
 .debug_str     0x00000000000008f4      0x169 /home/mm8/code/os/mm8/MM8-EmNet/build/stage2/c/graphics.obj
 .debug_str     0x0000000000000a5d       0x7d /home/mm8/code/os/mm8/MM8-EmNet/build/stage2/c/main.obj
 .debug_str     0x0000000000000ada      0x13c /home/mm8/code/os/mm8/MM8-EmNet/build/stage2/c/memory.obj
 .debug_str     0x0000000000000c16      0x2b8 /home/mm8/code/os/mm8/MM8-EmNet/build/stage2/c/stdio.obj
 .debug_str     0x0000000000000ece      0x123 /home/mm8/code/os/mm8/MM8-EmNet/build/stage2/c/string.obj
 .debug_str     0x0000000000000ff1      0x104 /home/mm8/code/os/mm8/MM8-EmNet/build/stage2/c/utility.obj

.debug_line_str
                0x0000000000000000      0x57a
 .debug_line_str
                0x0000000000000000       0x8e /home/mm8/code/os/mm8/MM8-EmNet/build/stage2/c/ctype.obj
 .debug_line_str
                0x000000000000008e       0xa1 /home/mm8/code/os/mm8/MM8-EmNet/build/stage2/c/disk.obj
 .debug_line_str
                0x000000000000012f       0xc0 /home/mm8/code/os/mm8/MM8-EmNet/build/stage2/c/fat.obj
 .debug_line_str
                0x00000000000001ef       0x9c /home/mm8/code/os/mm8/MM8-EmNet/build/stage2/c/graphics.obj
 .debug_line_str
                0x000000000000028b       0x3d /home/mm8/code/os/mm8/MM8-EmNet/build/stage2/c/main.obj
 .debug_line_str
                0x00000000000002c8       0x90 /home/mm8/code/os/mm8/MM8-EmNet/build/stage2/c/memory.obj
 .debug_line_str
                0x0000000000000358      0x108 /home/mm8/code/os/mm8/MM8-EmNet/build/stage2/c/stdio.obj
 .debug_line_str
                0x0000000000000460       0x87 /home/mm8/code/os/mm8/MM8-EmNet/build/stage2/c/string.obj
 .debug_line_str
                0x00000000000004e7       0x93 /home/mm8/code/os/mm8/MM8-EmNet/build/stage2/c/utility.obj

.comment        0x0000000000000000       0xab
 .comment       0x0000000000000000       0x13 /home/mm8/code/os/mm8/MM8-EmNet/build/stage2/c/ctype.obj
 .comment       0x0000000000000013       0x13 /home/mm8/code/os/mm8/MM8-EmNet/build/stage2/c/disk.obj
 .comment       0x0000000000000026       0x13 /home/mm8/code/os/mm8/MM8-EmNet/build/stage2/c/fat.obj
 .comment       0x0000000000000039       0x13 /home/mm8/code/os/mm8/MM8-EmNet/build/stage2/c/graphics.obj
 .comment       0x000000000000004c       0x13 /home/mm8/code/os/mm8/MM8-EmNet/build/stage2/c/main.obj
 .comment       0x000000000000005f       0x13 /home/mm8/code/os/mm8/MM8-EmNet/build/stage2/c/memory.obj
 .comment       0x0000000000000072       0x13 /home/mm8/code/os/mm8/MM8-EmNet/build/stage2/c/stdio.obj
 .comment       0x0000000000000085       0x13 /home/mm8/code/os/mm8/MM8-EmNet/build/stage2/c/string.obj
 .comment       0x0000000000000098       0x13 /home/mm8/code/os/mm8/MM8-EmNet/build/stage2/c/utility.obj
